// Jest Snapshot v1, https://goo.gl/fbAQLP

exports[`<Modal /> should render as expected 1`] = `<div />`;
