// Jest Snapshot v1, https://goo.gl/fbAQLP

exports[`<Button /> should render as expected 1`] = `
<DocumentFragment>
  <button
    class="css-1or62k6"
    type="button"
  >
    I am a button
  </button>
</DocumentFragment>
`;
