// Jest Snapshot v1, https://goo.gl/fbAQLP

exports[`<Select /> should render as expected 1`] = `
<DocumentFragment>
  <div
    class="css-0"
    role="group"
  >
    <div
      class="css-0"
    >
      <li
        class="css-1lxwves"
      />
      <li
        class="css-qzdso"
      />
      <li
        class="css-qzdso"
      >
        <div
          class="css-1jke4yk"
        >
          <select
            class="css-111rvec"
            id="testSelect"
          >
            <option>
              first
            </option>
            <option>
              second
            </option>
          </select>
          <div
            class="css-18l1y83"
          >
            <svg
              aria-hidden="true"
              class="css-12c4avn"
              focusable="false"
              role="presentation"
              viewBox="0 0 24 24"
            >
              <path
                d="M16.59 8.59L12 13.17 7.41 8.59 6 10l6 6 6-6z"
                fill="currentColor"
              />
            </svg>
          </div>
        </div>
      </li>
      <li
        class="css-qzdso"
      />
    </div>
  </div>
</DocumentFragment>
`;
