// Jest Snapshot v1, https://goo.gl/fbAQLP

exports[`<Spinner /> should render as expected 1`] = `
<DocumentFragment>
  <div
    class="css-lhw0gv"
  >
    <div
      class="css-1gy22ay"
    >
      Loading...
    </div>
  </div>
</DocumentFragment>
`;
