// Jest Snapshot v1, https://goo.gl/fbAQLP

exports[`<Footer /> should render as expected 1`] = `
<div>
  <footer
    class="css-81g6me"
  >
    Test Text
  </footer>
</div>
`;
