// Jest Snapshot v1, https://goo.gl/fbAQLP

exports[`<Link /> should render as expected 1`] = `
<DocumentFragment>
  <div
    class="css-u5zpo1"
    href="test/url"
  >
    Link text
  </div>
</DocumentFragment>
`;
